Archive member included to satisfy reference by file (symbol)

/usr/lib/gcc/arm-none-eabi/6.3.1/../../../arm-none-eabi/lib/libc.a(lib_a-atexit.o)
                              /usr/lib/gcc/arm-none-eabi/6.3.1/../../../arm-none-eabi/lib/crt0.o (atexit)
/usr/lib/gcc/arm-none-eabi/6.3.1/../../../arm-none-eabi/lib/libc.a(lib_a-exit.o)
                              /usr/lib/gcc/arm-none-eabi/6.3.1/../../../arm-none-eabi/lib/crt0.o (exit)
/usr/lib/gcc/arm-none-eabi/6.3.1/../../../arm-none-eabi/lib/libc.a(lib_a-fini.o)
                              /usr/lib/gcc/arm-none-eabi/6.3.1/../../../arm-none-eabi/lib/crt0.o (__libc_fini_array)
/usr/lib/gcc/arm-none-eabi/6.3.1/../../../arm-none-eabi/lib/libc.a(lib_a-impure.o)
                              /usr/lib/gcc/arm-none-eabi/6.3.1/../../../arm-none-eabi/lib/libc.a(lib_a-exit.o) (_global_impure_ptr)
/usr/lib/gcc/arm-none-eabi/6.3.1/../../../arm-none-eabi/lib/libc.a(lib_a-memset.o)
                              /usr/lib/gcc/arm-none-eabi/6.3.1/../../../arm-none-eabi/lib/crt0.o (memset)
/usr/lib/gcc/arm-none-eabi/6.3.1/../../../arm-none-eabi/lib/libc.a(lib_a-__atexit.o)
                              /usr/lib/gcc/arm-none-eabi/6.3.1/../../../arm-none-eabi/lib/libc.a(lib_a-atexit.o) (__register_exitproc)
/usr/lib/gcc/arm-none-eabi/6.3.1/../../../arm-none-eabi/lib/libc.a(lib_a-__call_atexit.o)
                              /usr/lib/gcc/arm-none-eabi/6.3.1/../../../arm-none-eabi/lib/libc.a(lib_a-exit.o) (__call_exitprocs)

Memory Configuration

Name             Origin             Length             Attributes
RAM              0x0000000020000000 0x0000000000005000 xrw
FLASH            0x0000000008000000 0x0000000000020000 xr
*default*        0x0000000000000000 0xffffffffffffffff

Linker script and memory map

LOAD /usr/lib/gcc/arm-none-eabi/6.3.1/thumb/v7-m/crti.o
LOAD /usr/lib/gcc/arm-none-eabi/6.3.1/thumb/v7-m/crtbegin.o
LOAD /usr/lib/gcc/arm-none-eabi/6.3.1/../../../arm-none-eabi/lib/crt0.o
LOAD startup_stm32f10x.o
LOAD system_stm32f10x.o
LOAD main.o
LOAD stm32f10x_gpio.o
LOAD stm32f10x_rcc.o
LOAD io.o
START GROUP
LOAD /usr/lib/gcc/arm-none-eabi/6.3.1/thumb/v7-m/libgcc.a
LOAD /usr/lib/gcc/arm-none-eabi/6.3.1/../../../arm-none-eabi/lib/libc.a
END GROUP
LOAD /usr/lib/gcc/arm-none-eabi/6.3.1/thumb/v7-m/crtend.o
LOAD /usr/lib/gcc/arm-none-eabi/6.3.1/thumb/v7-m/crtn.o
                0x0000000000000100                _Minimum_Stack_Size = 0x100
                0x0000000020000000                __ram_start__ = ORIGIN (RAM)
                0x0000000000005000                __ram_size__ = LENGTH (RAM)
                0x0000000020005000                __ram_end__ = (__ram_start__ + __ram_size__)
                0x0000000020005000                _estack = __ram_end__
                [!provide]                        PROVIDE (_Stack_Limit, (_estack - _Minimum_Stack_Size))

.text           0x0000000008000000     0x1ac0
 *(.isr_vector)
 .isr_vector    0x0000000008000000      0x158 startup_stm32f10x.o
                0x0000000008000000                g_pfnVectors
 *(.text)
 .text          0x0000000008000158        0x0 /usr/lib/gcc/arm-none-eabi/6.3.1/thumb/v7-m/crti.o
 .text          0x0000000008000158       0xa4 /usr/lib/gcc/arm-none-eabi/6.3.1/thumb/v7-m/crtbegin.o
 .text          0x00000000080001fc      0x104 /usr/lib/gcc/arm-none-eabi/6.3.1/../../../arm-none-eabi/lib/crt0.o
                0x00000000080001fc                _mainCRTStartup
                0x00000000080001fc                _start
 .text          0x0000000008000300       0x68 startup_stm32f10x.o
                0x0000000008000300                EXTI2_IRQHandler
                0x0000000008000300                DebugMon_Handler
                0x0000000008000300                TIM1_CC_IRQHandler
                0x0000000008000300                HardFault_Handler
                0x0000000008000300                PVD_IRQHandler
                0x0000000008000300                PendSV_Handler
                0x0000000008000300                NMI_Handler
                0x0000000008000300                EXTI3_IRQHandler
                0x0000000008000300                EXTI0_IRQHandler
                0x0000000008000300                I2C2_EV_IRQHandler
                0x0000000008000300                TIM1_UP_TIM16_IRQHandler
                0x0000000008000300                UsageFault_Handler
                0x0000000008000300                SPI1_IRQHandler
                0x0000000008000300                TIM6_DAC_IRQHandler
                0x0000000008000300                default_handler
                0x0000000008000300                DMA2_Channel2_IRQHandler
                0x0000000008000300                DMA1_Channel4_IRQHandler
                0x0000000008000300                ADC1_IRQHandler
                0x0000000008000300                USART3_IRQHandler
                0x0000000008000300                DMA1_Channel7_IRQHandler
                0x0000000008000300                UART5_IRQHandler
                0x0000000008000300                ADC3_IRQHandler
                0x0000000008000300                TIM4_IRQHandler
                0x0000000008000300                DMA2_Channel1_IRQHandler
                0x0000000008000300                I2C1_EV_IRQHandler
                0x0000000008000300                DMA1_Channel6_IRQHandler
                0x0000000008000300                UART4_IRQHandler
                0x0000000008000300                TIM3_IRQHandler
                0x0000000008000300                RCC_IRQHandler
                0x0000000008000300                DMA1_Channel1_IRQHandler
                0x0000000008000300                CEC_IRQHandler
                0x0000000008000300                EXTI15_10_IRQHandler
                0x0000000008000300                TIM14_IRQHandler
                0x0000000008000300                TIM13_IRQHandler
                0x0000000008000300                TIM12_IRQHandler
                0x0000000008000300                TIM7_IRQHandler
                0x0000000008000300                TIM5_IRQHandler
                0x0000000008000300                EXTI9_5_IRQHandler
                0x0000000008000300                TAMPER_STAMP_IRQHandler
                0x0000000008000300                RTC_WKUP_IRQHandler
                0x0000000008000300                SPI2_IRQHandler
                0x0000000008000300                SVC_Handler
                0x0000000008000300                DMA2_Channel5_IRQHandler
                0x0000000008000300                DMA1_Channel5_IRQHandler
                0x0000000008000300                EXTI4_IRQHandler
                0x0000000008000300                TIM1_TRG_COM_TIM17_IRQHandler
                0x0000000008000300                DMA1_Channel3_IRQHandler
                0x0000000008000300                FSMC_IRQHandler
                0x0000000008000300                WWDG_IRQHandler
                0x0000000008000300                TIM2_IRQHandler
                0x0000000008000300                EXTI1_IRQHandler
                0x0000000008000300                RTCAlarm_IRQHandler
                0x0000000008000300                DMA2_Channel4_5_IRQHandler
                0x0000000008000300                USART2_IRQHandler
                0x0000000008000300                I2C2_ER_IRQHandler
                0x0000000008000300                DMA1_Channel2_IRQHandler
                0x0000000008000300                MemMange_Handler
                0x0000000008000300                FLASH_IRQHandler
                0x0000000008000300                BusFault_Handler
                0x0000000008000300                USART1_IRQHandler
                0x0000000008000300                SPI3_IRQHandler
                0x0000000008000300                I2C1_ER_IRQHandler
                0x0000000008000300                DMA2_Channel3_IRQHandler
                0x0000000008000300                TIM1_BRK_TIM15_IRQHandler
                0x0000000008000302                __libc_init_array
                0x0000000008000304                Reset_Handler
 .text          0x0000000008000368      0x18c system_stm32f10x.o
                0x0000000008000368                SystemInit
                0x000000000800046c                SystemCoreClockUpdate
 .text          0x00000000080004f4       0x94 main.o
                0x00000000080004f4                main
                0x0000000008000578                SysTick_Handler
                0x0000000008000584                assert_failed
 .text          0x0000000008000588      0x924 stm32f10x_gpio.o
                0x0000000008000588                GPIO_DeInit
                0x0000000008000654                GPIO_AFIODeInit
                0x0000000008000668                GPIO_Init
                0x00000000080007b0                GPIO_StructInit
                0x00000000080007c0                GPIO_ReadInputDataBit
                0x0000000008000878                GPIO_ReadInputData
                0x00000000080008cc                GPIO_ReadOutputDataBit
                0x0000000008000984                GPIO_ReadOutputData
                0x00000000080009d8                GPIO_SetBits
                0x0000000008000a38                GPIO_ResetBits
                0x0000000008000a98                GPIO_WriteBit
                0x0000000008000b5c                GPIO_Write
                0x0000000008000bb0                GPIO_PinLockConfig
                0x0000000008000c1c                GPIO_EventOutputConfig
                0x0000000008000c60                GPIO_EventOutputCmd
                0x0000000008000c80                GPIO_PinRemapConfig
                0x0000000008000e38                GPIO_EXTILineConfig
                0x0000000008000e8c                GPIO_ETH_MediaInterfaceConfig
 .text          0x0000000008000eac      0x794 stm32f10x_rcc.o
                0x0000000008000eac                RCC_DeInit
                0x0000000008000eec                RCC_HSEConfig
                0x0000000008000f84                RCC_AdjustHSICalibrationValue
                0x0000000008000fb0                RCC_HSICmd
                0x0000000008000fd0                RCC_PLLConfig
                0x0000000008001040                RCC_PLLCmd
                0x0000000008001060                RCC_SYSCLKConfig
                0x000000000800108c                RCC_GetSYSCLKSource
                0x000000000800109c                RCC_HCLKConfig
                0x00000000080010e4                RCC_PCLK1Config
                0x0000000008001120                RCC_PCLK2Config
                0x000000000800115c                RCC_ITConfig
                0x00000000080011a4                RCC_USBCLKConfig
                0x00000000080011c4                RCC_ADCCLKConfig
                0x00000000080011f4                RCC_LSEConfig
                0x000000000800123c                RCC_LSICmd
                0x000000000800125c                RCC_RTCCLKConfig
                0x000000000800128c                RCC_RTCCLKCmd
                0x00000000080012ac                RCC_GetClocksFreq
                0x000000000800135c                RCC_AHBPeriphClockCmd
                0x00000000080013a8                RCC_APB2PeriphClockCmd
                0x00000000080013f4                RCC_APB1PeriphClockCmd
                0x0000000008001440                RCC_APB2PeriphResetCmd
                0x000000000800148c                RCC_APB1PeriphResetCmd
                0x00000000080014d8                RCC_BackupResetCmd
                0x00000000080014f8                RCC_ClockSecuritySystemCmd
                0x0000000008001518                RCC_MCOConfig
                0x0000000008001540                RCC_GetFlagStatus
                0x000000000800159c                RCC_WaitForHSEStartUp
                0x00000000080015ce                RCC_ClearFlag
                0x00000000080015e0                RCC_GetITStatus
                0x000000000800161c                RCC_ClearITPendingBit
 .text          0x0000000008001640       0x38 io.o
                0x0000000008001640                LED_GPIO_Init
 .text          0x0000000008001678       0x20 /usr/lib/gcc/arm-none-eabi/6.3.1/../../../arm-none-eabi/lib/libc.a(lib_a-atexit.o)
                0x0000000008001678                atexit
 .text          0x0000000008001698       0x34 /usr/lib/gcc/arm-none-eabi/6.3.1/../../../arm-none-eabi/lib/libc.a(lib_a-exit.o)
                0x0000000008001698                exit
 .text          0x00000000080016cc       0x44 /usr/lib/gcc/arm-none-eabi/6.3.1/../../../arm-none-eabi/lib/libc.a(lib_a-fini.o)
                0x00000000080016cc                __libc_fini_array
 .text          0x0000000008001710        0x0 /usr/lib/gcc/arm-none-eabi/6.3.1/../../../arm-none-eabi/lib/libc.a(lib_a-impure.o)
 .text          0x0000000008001710       0xf4 /usr/lib/gcc/arm-none-eabi/6.3.1/../../../arm-none-eabi/lib/libc.a(lib_a-memset.o)
                0x0000000008001710                memset
 .text          0x0000000008001804       0xe0 /usr/lib/gcc/arm-none-eabi/6.3.1/../../../arm-none-eabi/lib/libc.a(lib_a-__atexit.o)
                0x0000000008001804                __register_exitproc
 .text          0x00000000080018e4      0x170 /usr/lib/gcc/arm-none-eabi/6.3.1/../../../arm-none-eabi/lib/libc.a(lib_a-__call_atexit.o)
                0x00000000080018e4                __call_exitprocs
 .text          0x0000000008001a54        0x0 /usr/lib/gcc/arm-none-eabi/6.3.1/thumb/v7-m/crtend.o
 .text          0x0000000008001a54        0x0 /usr/lib/gcc/arm-none-eabi/6.3.1/thumb/v7-m/crtn.o
 *(.text.*)
 .text.startup  0x0000000008001a54       0x28 /usr/lib/gcc/arm-none-eabi/6.3.1/../../../arm-none-eabi/lib/libc.a(lib_a-__call_atexit.o)
 *fill*         0x0000000008001a7c        0x4 
 .text.startup.__stub
                0x0000000008001a80        0x8 linker stubs
 *(.rodata)
 .rodata        0x0000000008001a88        0x4 /usr/lib/gcc/arm-none-eabi/6.3.1/../../../arm-none-eabi/lib/libc.a(lib_a-impure.o)
                0x0000000008001a88                _global_impure_ptr
 *(.rodata.*)
 .rodata.str1.4
                0x0000000008001a8c       0x17 stm32f10x_gpio.o
 *fill*         0x0000000008001aa3        0x1 
 .rodata.str1.4
                0x0000000008001aa4       0x16 stm32f10x_rcc.o
 *fill*         0x0000000008001aba        0x2 
 .rodata.str1.4
                0x0000000008001abc        0x4 /usr/lib/gcc/arm-none-eabi/6.3.1/../../../arm-none-eabi/lib/libc.a(lib_a-impure.o)
                                          0x2 (size before relaxing)
 *(.glue_7)
 .glue_7        0x0000000008001ac0        0x0 linker stubs
 *(.glue_7t)
 .glue_7t       0x0000000008001ac0        0x0 linker stubs
 *(.vfp11_veneer)
 .vfp11_veneer  0x0000000008001ac0        0x0 linker stubs
 *(.v4_bx)
 .v4_bx         0x0000000008001ac0        0x0 linker stubs
 *(.ARM.extab* .gnu.linkonce.armextab.*)
 .ARM.extab     0x0000000008001ac0        0x0 /usr/lib/gcc/arm-none-eabi/6.3.1/../../../arm-none-eabi/lib/crt0.o

.init           0x0000000008001ac0        0xc
 .init          0x0000000008001ac0        0x4 /usr/lib/gcc/arm-none-eabi/6.3.1/thumb/v7-m/crti.o
                0x0000000008001ac0                _init
 .init          0x0000000008001ac4        0x8 /usr/lib/gcc/arm-none-eabi/6.3.1/thumb/v7-m/crtn.o

.fini           0x0000000008001acc        0xc
 .fini          0x0000000008001acc        0x4 /usr/lib/gcc/arm-none-eabi/6.3.1/thumb/v7-m/crti.o
                0x0000000008001acc                _fini
 .fini          0x0000000008001ad0        0x8 /usr/lib/gcc/arm-none-eabi/6.3.1/thumb/v7-m/crtn.o

.iplt           0x0000000008001ad8        0x0
 .iplt          0x0000000008001ad8        0x0 /usr/lib/gcc/arm-none-eabi/6.3.1/thumb/v7-m/crtbegin.o

.eh_frame       0x0000000008001ad8        0x4
 .eh_frame      0x0000000008001ad8        0x0 /usr/lib/gcc/arm-none-eabi/6.3.1/thumb/v7-m/crtbegin.o
 .eh_frame      0x0000000008001ad8        0x4 /usr/lib/gcc/arm-none-eabi/6.3.1/thumb/v7-m/crtend.o

.ARM.extab
 *(.ARM.extab* .gnu.linkonce.armextab.*)
                0x0000000008001adc                __exidx_start = .

.ARM.exidx      0x0000000008001adc        0x8
 *(.ARM.exidx* .gnu.linkonce.armexidx.*)
 .ARM.exidx     0x0000000008001adc        0x8 /usr/lib/gcc/arm-none-eabi/6.3.1/../../../arm-none-eabi/lib/crt0.o
                0x0000000008001ae4                __exidx_end = .

.rel.dyn        0x0000000008001ae4        0x0
 .rel.iplt      0x0000000008001ae4        0x0 /usr/lib/gcc/arm-none-eabi/6.3.1/thumb/v7-m/crtbegin.o
                0x0000000008001ae4                . = ALIGN (0x4)
                0x0000000008001ae4                _etext = .
                0x0000000008001ae4                _sidata = _etext

.data           0x0000000020000000      0x460 load address 0x0000000008001ae4
                0x0000000020000000                . = ALIGN (0x4)
                0x0000000020000000                _sdata = .
 *(.data)
 .data          0x0000000020000000        0x0 /usr/lib/gcc/arm-none-eabi/6.3.1/thumb/v7-m/crti.o
 .data          0x0000000020000000        0x4 /usr/lib/gcc/arm-none-eabi/6.3.1/thumb/v7-m/crtbegin.o
                0x0000000020000000                __dso_handle
 .data          0x0000000020000004        0x0 /usr/lib/gcc/arm-none-eabi/6.3.1/../../../arm-none-eabi/lib/crt0.o
 .data          0x0000000020000004        0x0 startup_stm32f10x.o
 .data          0x0000000020000004       0x14 system_stm32f10x.o
                0x0000000020000004                SystemCoreClock
                0x0000000020000008                AHBPrescTable
 .data          0x0000000020000018        0x0 main.o
 .data          0x0000000020000018        0x0 stm32f10x_gpio.o
 .data          0x0000000020000018       0x14 stm32f10x_rcc.o
 .data          0x000000002000002c        0x0 io.o
 .data          0x000000002000002c        0x0 /usr/lib/gcc/arm-none-eabi/6.3.1/../../../arm-none-eabi/lib/libc.a(lib_a-atexit.o)
 .data          0x000000002000002c        0x0 /usr/lib/gcc/arm-none-eabi/6.3.1/../../../arm-none-eabi/lib/libc.a(lib_a-exit.o)
 .data          0x000000002000002c        0x0 /usr/lib/gcc/arm-none-eabi/6.3.1/../../../arm-none-eabi/lib/libc.a(lib_a-fini.o)
 *fill*         0x000000002000002c        0x4 
 .data          0x0000000020000030      0x430 /usr/lib/gcc/arm-none-eabi/6.3.1/../../../arm-none-eabi/lib/libc.a(lib_a-impure.o)
                0x0000000020000030                _impure_ptr
 .data          0x0000000020000460        0x0 /usr/lib/gcc/arm-none-eabi/6.3.1/../../../arm-none-eabi/lib/libc.a(lib_a-memset.o)
 .data          0x0000000020000460        0x0 /usr/lib/gcc/arm-none-eabi/6.3.1/../../../arm-none-eabi/lib/libc.a(lib_a-__atexit.o)
 .data          0x0000000020000460        0x0 /usr/lib/gcc/arm-none-eabi/6.3.1/../../../arm-none-eabi/lib/libc.a(lib_a-__call_atexit.o)
 .data          0x0000000020000460        0x0 /usr/lib/gcc/arm-none-eabi/6.3.1/thumb/v7-m/crtend.o
 .data          0x0000000020000460        0x0 /usr/lib/gcc/arm-none-eabi/6.3.1/thumb/v7-m/crtn.o
 *(.data.*)
                0x0000000020000460                . = ALIGN (0x4)
                0x0000000020000460                _edata = .

.init_array     0x0000000020000460        0x4 load address 0x0000000008001f44
 .init_array    0x0000000020000460        0x4 /usr/lib/gcc/arm-none-eabi/6.3.1/thumb/v7-m/crtbegin.o

.fini_array     0x0000000020000464        0x4 load address 0x0000000008001f48
 .fini_array    0x0000000020000464        0x4 /usr/lib/gcc/arm-none-eabi/6.3.1/thumb/v7-m/crtbegin.o

.jcr            0x0000000020000468        0x4 load address 0x0000000008001f4c
 .jcr           0x0000000020000468        0x0 /usr/lib/gcc/arm-none-eabi/6.3.1/thumb/v7-m/crtbegin.o
 .jcr           0x0000000020000468        0x4 /usr/lib/gcc/arm-none-eabi/6.3.1/thumb/v7-m/crtend.o

.tm_clone_table
                0x000000002000046c        0x0 load address 0x0000000008001f50
 .tm_clone_table
                0x000000002000046c        0x0 /usr/lib/gcc/arm-none-eabi/6.3.1/thumb/v7-m/crtbegin.o
 .tm_clone_table
                0x000000002000046c        0x0 /usr/lib/gcc/arm-none-eabi/6.3.1/thumb/v7-m/crtend.o

.igot.plt       0x000000002000046c        0x0 load address 0x0000000008001f50
 .igot.plt      0x000000002000046c        0x0 /usr/lib/gcc/arm-none-eabi/6.3.1/thumb/v7-m/crtbegin.o

.init_array.00000
                0x000000002000046c        0x4 load address 0x0000000008001f50
 .init_array.00000
                0x000000002000046c        0x4 /usr/lib/gcc/arm-none-eabi/6.3.1/../../../arm-none-eabi/lib/libc.a(lib_a-__call_atexit.o)

.bss            0x0000000020000470       0x20 load address 0x0000000008001f54
                0x0000000020000470                . = ALIGN (0x4)
                0x0000000020000470                _sbss = .
                0x0000000020000470                __bss_start__ = _sbss
 *(.bss)
 .bss           0x0000000020000470        0x0 /usr/lib/gcc/arm-none-eabi/6.3.1/thumb/v7-m/crti.o
 .bss           0x0000000020000470       0x1c /usr/lib/gcc/arm-none-eabi/6.3.1/thumb/v7-m/crtbegin.o
 .bss           0x000000002000048c        0x0 /usr/lib/gcc/arm-none-eabi/6.3.1/../../../arm-none-eabi/lib/crt0.o
 .bss           0x000000002000048c        0x0 startup_stm32f10x.o
 .bss           0x000000002000048c        0x0 system_stm32f10x.o
 .bss           0x000000002000048c        0x1 main.o
 .bss           0x000000002000048d        0x0 stm32f10x_gpio.o
 .bss           0x000000002000048d        0x0 stm32f10x_rcc.o
 .bss           0x000000002000048d        0x0 io.o
 .bss           0x000000002000048d        0x0 /usr/lib/gcc/arm-none-eabi/6.3.1/../../../arm-none-eabi/lib/libc.a(lib_a-atexit.o)
 .bss           0x000000002000048d        0x0 /usr/lib/gcc/arm-none-eabi/6.3.1/../../../arm-none-eabi/lib/libc.a(lib_a-exit.o)
 .bss           0x000000002000048d        0x0 /usr/lib/gcc/arm-none-eabi/6.3.1/../../../arm-none-eabi/lib/libc.a(lib_a-fini.o)
 .bss           0x000000002000048d        0x0 /usr/lib/gcc/arm-none-eabi/6.3.1/../../../arm-none-eabi/lib/libc.a(lib_a-impure.o)
 .bss           0x000000002000048d        0x0 /usr/lib/gcc/arm-none-eabi/6.3.1/../../../arm-none-eabi/lib/libc.a(lib_a-memset.o)
 .bss           0x000000002000048d        0x0 /usr/lib/gcc/arm-none-eabi/6.3.1/../../../arm-none-eabi/lib/libc.a(lib_a-__atexit.o)
 .bss           0x000000002000048d        0x0 /usr/lib/gcc/arm-none-eabi/6.3.1/../../../arm-none-eabi/lib/libc.a(lib_a-__call_atexit.o)
 .bss           0x000000002000048d        0x0 /usr/lib/gcc/arm-none-eabi/6.3.1/thumb/v7-m/crtend.o
 .bss           0x000000002000048d        0x0 /usr/lib/gcc/arm-none-eabi/6.3.1/thumb/v7-m/crtn.o
 *(.bss.*)
 *(COMMON)
                0x0000000020000490                . = ALIGN (0x4)
 *fill*         0x000000002000048d        0x3 
                0x0000000020000490                _ebss = .
                0x0000000020000490                __bss_end__ = _ebss
                [!provide]                        PROVIDE (end, _ebss)
                [!provide]                        PROVIDE (_end, _ebss)
                0x0000000020000490                PROVIDE (_exit, _ebss)
                [!provide]                        PROVIDE (_stackend, ((ORIGIN (RAM) + LENGTH (RAM)) - _Minimum_Stack_Size))

._usrstack      0x0000000020000490      0x100 load address 0x0000000008001f74
                0x0000000020000490                . = ALIGN (0x4)
                0x0000000020000490                _susrstack = .
                0x0000000020000590                . = (. + _Minimum_Stack_Size)
 *fill*         0x0000000020000490      0x100 
                0x0000000020000590                . = ALIGN (0x4)
                0x0000000020000590                _eusrstack = .

.stab
 *(.stab)

.stabstr
 *(.stabstr)

.stab.excl
 *(.stab.excl)

.stab.exclstr
 *(.stab.exclstr)

.stab.index
 *(.stab.index)

.stab.indexstr
 *(.stab.indexstr)

.comment        0x0000000000000000       0x5c
 *(.comment)
 .comment       0x0000000000000000       0x31 /usr/lib/gcc/arm-none-eabi/6.3.1/thumb/v7-m/crtbegin.o
                                         0x32 (size before relaxing)
 .comment       0x0000000000000031       0x32 startup_stm32f10x.o
 .comment       0x0000000000000031       0x32 system_stm32f10x.o
 .comment       0x0000000000000031       0x32 main.o
 .comment       0x0000000000000031       0x32 stm32f10x_gpio.o
 .comment       0x0000000000000031       0x32 stm32f10x_rcc.o
 .comment       0x0000000000000031       0x32 io.o
 .comment       0x0000000000000031       0x2b /usr/lib/gcc/arm-none-eabi/6.3.1/../../../arm-none-eabi/lib/libc.a(lib_a-atexit.o)
                                         0x2c (size before relaxing)
 .comment       0x000000000000005c       0x2c /usr/lib/gcc/arm-none-eabi/6.3.1/../../../arm-none-eabi/lib/libc.a(lib_a-exit.o)
 .comment       0x000000000000005c       0x2c /usr/lib/gcc/arm-none-eabi/6.3.1/../../../arm-none-eabi/lib/libc.a(lib_a-fini.o)
 .comment       0x000000000000005c       0x2c /usr/lib/gcc/arm-none-eabi/6.3.1/../../../arm-none-eabi/lib/libc.a(lib_a-impure.o)
 .comment       0x000000000000005c       0x2c /usr/lib/gcc/arm-none-eabi/6.3.1/../../../arm-none-eabi/lib/libc.a(lib_a-memset.o)
 .comment       0x000000000000005c       0x2c /usr/lib/gcc/arm-none-eabi/6.3.1/../../../arm-none-eabi/lib/libc.a(lib_a-__atexit.o)
 .comment       0x000000000000005c       0x2c /usr/lib/gcc/arm-none-eabi/6.3.1/../../../arm-none-eabi/lib/libc.a(lib_a-__call_atexit.o)
 .comment       0x000000000000005c       0x32 /usr/lib/gcc/arm-none-eabi/6.3.1/thumb/v7-m/crtend.o

.ARM.attributes
                0x0000000000000000       0x2b
 .ARM.attributes
                0x0000000000000000       0x1d /usr/lib/gcc/arm-none-eabi/6.3.1/thumb/v7-m/crti.o
 .ARM.attributes
                0x000000000000001d       0x2d /usr/lib/gcc/arm-none-eabi/6.3.1/thumb/v7-m/crtbegin.o
 .ARM.attributes
                0x000000000000004a       0x14 /usr/lib/gcc/arm-none-eabi/6.3.1/../../../arm-none-eabi/lib/crt0.o
 .ARM.attributes
                0x000000000000005e       0x33 startup_stm32f10x.o
 .ARM.attributes
                0x0000000000000091       0x33 system_stm32f10x.o
 .ARM.attributes
                0x00000000000000c4       0x33 main.o
 .ARM.attributes
                0x00000000000000f7       0x33 stm32f10x_gpio.o
 .ARM.attributes
                0x000000000000012a       0x33 stm32f10x_rcc.o
 .ARM.attributes
                0x000000000000015d       0x33 io.o
 .ARM.attributes
                0x0000000000000190       0x30 /usr/lib/gcc/arm-none-eabi/6.3.1/../../../arm-none-eabi/lib/libc.a(lib_a-atexit.o)
 .ARM.attributes
                0x00000000000001c0       0x30 /usr/lib/gcc/arm-none-eabi/6.3.1/../../../arm-none-eabi/lib/libc.a(lib_a-exit.o)
 .ARM.attributes
                0x00000000000001f0       0x30 /usr/lib/gcc/arm-none-eabi/6.3.1/../../../arm-none-eabi/lib/libc.a(lib_a-fini.o)
 .ARM.attributes
                0x0000000000000220       0x30 /usr/lib/gcc/arm-none-eabi/6.3.1/../../../arm-none-eabi/lib/libc.a(lib_a-impure.o)
 .ARM.attributes
                0x0000000000000250       0x30 /usr/lib/gcc/arm-none-eabi/6.3.1/../../../arm-none-eabi/lib/libc.a(lib_a-memset.o)
 .ARM.attributes
                0x0000000000000280       0x30 /usr/lib/gcc/arm-none-eabi/6.3.1/../../../arm-none-eabi/lib/libc.a(lib_a-__atexit.o)
 .ARM.attributes
                0x00000000000002b0       0x30 /usr/lib/gcc/arm-none-eabi/6.3.1/../../../arm-none-eabi/lib/libc.a(lib_a-__call_atexit.o)
 .ARM.attributes
                0x00000000000002e0       0x2d /usr/lib/gcc/arm-none-eabi/6.3.1/thumb/v7-m/crtend.o
 .ARM.attributes
                0x000000000000030d       0x1d /usr/lib/gcc/arm-none-eabi/6.3.1/thumb/v7-m/crtn.o

.debug
 *(.debug)

.line
 *(.line)

.debug_srcinfo
 *(.debug_srcinfo)

.debug_sfnames
 *(.debug_sfnames)

.debug_aranges  0x0000000000000000      0x1c0
 *(.debug_aranges)
 .debug_aranges
                0x0000000000000000       0x20 /usr/lib/gcc/arm-none-eabi/6.3.1/../../../arm-none-eabi/lib/crt0.o
 .debug_aranges
                0x0000000000000020       0x20 startup_stm32f10x.o
 .debug_aranges
                0x0000000000000040       0x20 system_stm32f10x.o
 .debug_aranges
                0x0000000000000060       0x20 main.o
 .debug_aranges
                0x0000000000000080       0x20 stm32f10x_gpio.o
 .debug_aranges
                0x00000000000000a0       0x20 stm32f10x_rcc.o
 .debug_aranges
                0x00000000000000c0       0x20 io.o
 .debug_aranges
                0x00000000000000e0       0x20 /usr/lib/gcc/arm-none-eabi/6.3.1/../../../arm-none-eabi/lib/libc.a(lib_a-atexit.o)
 .debug_aranges
                0x0000000000000100       0x20 /usr/lib/gcc/arm-none-eabi/6.3.1/../../../arm-none-eabi/lib/libc.a(lib_a-exit.o)
 .debug_aranges
                0x0000000000000120       0x20 /usr/lib/gcc/arm-none-eabi/6.3.1/../../../arm-none-eabi/lib/libc.a(lib_a-fini.o)
 .debug_aranges
                0x0000000000000140       0x18 /usr/lib/gcc/arm-none-eabi/6.3.1/../../../arm-none-eabi/lib/libc.a(lib_a-impure.o)
 .debug_aranges
                0x0000000000000158       0x20 /usr/lib/gcc/arm-none-eabi/6.3.1/../../../arm-none-eabi/lib/libc.a(lib_a-memset.o)
 .debug_aranges
                0x0000000000000178       0x20 /usr/lib/gcc/arm-none-eabi/6.3.1/../../../arm-none-eabi/lib/libc.a(lib_a-__atexit.o)
 .debug_aranges
                0x0000000000000198       0x28 /usr/lib/gcc/arm-none-eabi/6.3.1/../../../arm-none-eabi/lib/libc.a(lib_a-__call_atexit.o)

.debug_pubnames
 *(.debug_pubnames)

.debug_info     0x0000000000000000     0x4fec
 *(.debug_info .gnu.linkonce.wi.*)
 .debug_info    0x0000000000000000       0x92 /usr/lib/gcc/arm-none-eabi/6.3.1/../../../arm-none-eabi/lib/crt0.o
 .debug_info    0x0000000000000092      0x19b startup_stm32f10x.o
 .debug_info    0x000000000000022d      0x476 system_stm32f10x.o
 .debug_info    0x00000000000006a3      0x6f0 main.o
 .debug_info    0x0000000000000d93      0xbe8 stm32f10x_gpio.o
 .debug_info    0x000000000000197b      0xc8d stm32f10x_rcc.o
 .debug_info    0x0000000000002608      0x282 io.o
 .debug_info    0x000000000000288a       0xfe /usr/lib/gcc/arm-none-eabi/6.3.1/../../../arm-none-eabi/lib/libc.a(lib_a-atexit.o)
 .debug_info    0x0000000000002988      0x8de /usr/lib/gcc/arm-none-eabi/6.3.1/../../../arm-none-eabi/lib/libc.a(lib_a-exit.o)
 .debug_info    0x0000000000003266       0xfa /usr/lib/gcc/arm-none-eabi/6.3.1/../../../arm-none-eabi/lib/libc.a(lib_a-fini.o)
 .debug_info    0x0000000000003360      0x89b /usr/lib/gcc/arm-none-eabi/6.3.1/../../../arm-none-eabi/lib/libc.a(lib_a-impure.o)
 .debug_info    0x0000000000003bfb      0x11e /usr/lib/gcc/arm-none-eabi/6.3.1/../../../arm-none-eabi/lib/libc.a(lib_a-memset.o)
 .debug_info    0x0000000000003d19      0x92e /usr/lib/gcc/arm-none-eabi/6.3.1/../../../arm-none-eabi/lib/libc.a(lib_a-__atexit.o)
 .debug_info    0x0000000000004647      0x9a5 /usr/lib/gcc/arm-none-eabi/6.3.1/../../../arm-none-eabi/lib/libc.a(lib_a-__call_atexit.o)

.debug_abbrev   0x0000000000000000     0x1464
 *(.debug_abbrev)
 .debug_abbrev  0x0000000000000000       0x14 /usr/lib/gcc/arm-none-eabi/6.3.1/../../../arm-none-eabi/lib/crt0.o
 .debug_abbrev  0x0000000000000014       0xf7 startup_stm32f10x.o
 .debug_abbrev  0x000000000000010b      0x1b7 system_stm32f10x.o
 .debug_abbrev  0x00000000000002c2      0x28f main.o
 .debug_abbrev  0x0000000000000551      0x202 stm32f10x_gpio.o
 .debug_abbrev  0x0000000000000753      0x206 stm32f10x_rcc.o
 .debug_abbrev  0x0000000000000959      0x139 io.o
 .debug_abbrev  0x0000000000000a92       0xa7 /usr/lib/gcc/arm-none-eabi/6.3.1/../../../arm-none-eabi/lib/libc.a(lib_a-atexit.o)
 .debug_abbrev  0x0000000000000b39      0x1d6 /usr/lib/gcc/arm-none-eabi/6.3.1/../../../arm-none-eabi/lib/libc.a(lib_a-exit.o)
 .debug_abbrev  0x0000000000000d0f       0xba /usr/lib/gcc/arm-none-eabi/6.3.1/../../../arm-none-eabi/lib/libc.a(lib_a-fini.o)
 .debug_abbrev  0x0000000000000dc9      0x180 /usr/lib/gcc/arm-none-eabi/6.3.1/../../../arm-none-eabi/lib/libc.a(lib_a-impure.o)
 .debug_abbrev  0x0000000000000f49       0x9f /usr/lib/gcc/arm-none-eabi/6.3.1/../../../arm-none-eabi/lib/libc.a(lib_a-memset.o)
 .debug_abbrev  0x0000000000000fe8      0x20f /usr/lib/gcc/arm-none-eabi/6.3.1/../../../arm-none-eabi/lib/libc.a(lib_a-__atexit.o)
 .debug_abbrev  0x00000000000011f7      0x26d /usr/lib/gcc/arm-none-eabi/6.3.1/../../../arm-none-eabi/lib/libc.a(lib_a-__call_atexit.o)

.debug_line     0x0000000000000000     0x15b5
 *(.debug_line)
 .debug_line    0x0000000000000000       0x92 /usr/lib/gcc/arm-none-eabi/6.3.1/../../../arm-none-eabi/lib/crt0.o
 .debug_line    0x0000000000000092       0xd4 startup_stm32f10x.o
 .debug_line    0x0000000000000166      0x127 system_stm32f10x.o
 .debug_line    0x000000000000028d      0x11b main.o
 .debug_line    0x00000000000003a8      0x552 stm32f10x_gpio.o
 .debug_line    0x00000000000008fa      0x3ff stm32f10x_rcc.o
 .debug_line    0x0000000000000cf9       0xfe io.o
 .debug_line    0x0000000000000df7       0xb5 /usr/lib/gcc/arm-none-eabi/6.3.1/../../../arm-none-eabi/lib/libc.a(lib_a-atexit.o)
 .debug_line    0x0000000000000eac      0x15c /usr/lib/gcc/arm-none-eabi/6.3.1/../../../arm-none-eabi/lib/libc.a(lib_a-exit.o)
 .debug_line    0x0000000000001008       0x99 /usr/lib/gcc/arm-none-eabi/6.3.1/../../../arm-none-eabi/lib/libc.a(lib_a-fini.o)
 .debug_line    0x00000000000010a1       0xe3 /usr/lib/gcc/arm-none-eabi/6.3.1/../../../arm-none-eabi/lib/libc.a(lib_a-impure.o)
 .debug_line    0x0000000000001184      0x10f /usr/lib/gcc/arm-none-eabi/6.3.1/../../../arm-none-eabi/lib/libc.a(lib_a-memset.o)
 .debug_line    0x0000000000001293      0x17d /usr/lib/gcc/arm-none-eabi/6.3.1/../../../arm-none-eabi/lib/libc.a(lib_a-__atexit.o)
 .debug_line    0x0000000000001410      0x1a5 /usr/lib/gcc/arm-none-eabi/6.3.1/../../../arm-none-eabi/lib/libc.a(lib_a-__call_atexit.o)

.debug_frame    0x0000000000000000      0x768
 *(.debug_frame)
 .debug_frame   0x0000000000000000       0x48 startup_stm32f10x.o
 .debug_frame   0x0000000000000048       0x3c system_stm32f10x.o
 .debug_frame   0x0000000000000084       0x50 main.o
 .debug_frame   0x00000000000000d4      0x1e8 stm32f10x_gpio.o
 .debug_frame   0x00000000000002bc      0x324 stm32f10x_rcc.o
 .debug_frame   0x00000000000005e0       0x2c io.o
 .debug_frame   0x000000000000060c       0x2c /usr/lib/gcc/arm-none-eabi/6.3.1/../../../arm-none-eabi/lib/libc.a(lib_a-atexit.o)
 .debug_frame   0x0000000000000638       0x28 /usr/lib/gcc/arm-none-eabi/6.3.1/../../../arm-none-eabi/lib/libc.a(lib_a-exit.o)
 .debug_frame   0x0000000000000660       0x34 /usr/lib/gcc/arm-none-eabi/6.3.1/../../../arm-none-eabi/lib/libc.a(lib_a-fini.o)
 .debug_frame   0x0000000000000694       0x30 /usr/lib/gcc/arm-none-eabi/6.3.1/../../../arm-none-eabi/lib/libc.a(lib_a-memset.o)
 .debug_frame   0x00000000000006c4       0x3c /usr/lib/gcc/arm-none-eabi/6.3.1/../../../arm-none-eabi/lib/libc.a(lib_a-__atexit.o)
 .debug_frame   0x0000000000000700       0x68 /usr/lib/gcc/arm-none-eabi/6.3.1/../../../arm-none-eabi/lib/libc.a(lib_a-__call_atexit.o)

.debug_str      0x0000000000000000     0x154d
 *(.debug_str)
 .debug_str     0x0000000000000000      0x172 startup_stm32f10x.o
                                        0x1af (size before relaxing)
 .debug_str     0x0000000000000172      0x140 system_stm32f10x.o
                                        0x297 (size before relaxing)
 .debug_str     0x00000000000002b2      0x425 main.o
                                        0x5ca (size before relaxing)
 .debug_str     0x00000000000006d7      0x360 stm32f10x_gpio.o
                                        0x501 (size before relaxing)
 .debug_str     0x0000000000000a37      0x3a6 stm32f10x_rcc.o
                                        0x5eb (size before relaxing)
 .debug_str     0x0000000000000ddd       0x1e io.o
                                        0x2bf (size before relaxing)
 .debug_str     0x0000000000000dfb       0xf8 /usr/lib/gcc/arm-none-eabi/6.3.1/../../../arm-none-eabi/lib/libc.a(lib_a-atexit.o)
                                        0x191 (size before relaxing)
 .debug_str     0x0000000000000ef3      0x3ed /usr/lib/gcc/arm-none-eabi/6.3.1/../../../arm-none-eabi/lib/libc.a(lib_a-exit.o)
                                        0x52e (size before relaxing)
 .debug_str     0x00000000000012e0       0xb4 /usr/lib/gcc/arm-none-eabi/6.3.1/../../../arm-none-eabi/lib/libc.a(lib_a-fini.o)
                                        0x189 (size before relaxing)
 .debug_str     0x0000000000001394       0x87 /usr/lib/gcc/arm-none-eabi/6.3.1/../../../arm-none-eabi/lib/libc.a(lib_a-impure.o)
                                        0x525 (size before relaxing)
 .debug_str     0x000000000000141b       0x98 /usr/lib/gcc/arm-none-eabi/6.3.1/../../../arm-none-eabi/lib/libc.a(lib_a-memset.o)
                                        0x168 (size before relaxing)
 .debug_str     0x00000000000014b3       0x2d /usr/lib/gcc/arm-none-eabi/6.3.1/../../../arm-none-eabi/lib/libc.a(lib_a-__atexit.o)
                                        0x566 (size before relaxing)
 .debug_str     0x00000000000014e0       0x6d /usr/lib/gcc/arm-none-eabi/6.3.1/../../../arm-none-eabi/lib/libc.a(lib_a-__call_atexit.o)
                                        0x585 (size before relaxing)

.debug_loc      0x0000000000000000     0x1a9f
 *(.debug_loc)
 .debug_loc     0x0000000000000000       0x4b startup_stm32f10x.o
 .debug_loc     0x000000000000004b       0xe8 system_stm32f10x.o
 .debug_loc     0x0000000000000133       0x98 main.o
 .debug_loc     0x00000000000001cb      0x958 stm32f10x_gpio.o
 .debug_loc     0x0000000000000b23      0xa58 stm32f10x_rcc.o
 .debug_loc     0x000000000000157b       0x2c /usr/lib/gcc/arm-none-eabi/6.3.1/../../../arm-none-eabi/lib/libc.a(lib_a-atexit.o)
 .debug_loc     0x00000000000015a7       0x1e /usr/lib/gcc/arm-none-eabi/6.3.1/../../../arm-none-eabi/lib/libc.a(lib_a-exit.o)
 .debug_loc     0x00000000000015c5       0x5c /usr/lib/gcc/arm-none-eabi/6.3.1/../../../arm-none-eabi/lib/libc.a(lib_a-fini.o)
 .debug_loc     0x0000000000001621      0x198 /usr/lib/gcc/arm-none-eabi/6.3.1/../../../arm-none-eabi/lib/libc.a(lib_a-memset.o)
 .debug_loc     0x00000000000017b9      0x11b /usr/lib/gcc/arm-none-eabi/6.3.1/../../../arm-none-eabi/lib/libc.a(lib_a-__atexit.o)
 .debug_loc     0x00000000000018d4      0x1cb /usr/lib/gcc/arm-none-eabi/6.3.1/../../../arm-none-eabi/lib/libc.a(lib_a-__call_atexit.o)

.debug_macinfo
 *(.debug_macinfo)

.debug_weaknames
 *(.debug_weaknames)

.debug_funcnames
 *(.debug_funcnames)

.debug_typenames
 *(.debug_typenames)

.debug_varnames
 *(.debug_varnames)
OUTPUT(STM32程序框架V1.0.elf elf32-littlearm)

.debug_ranges   0x0000000000000000       0x58
 .debug_ranges  0x0000000000000000       0x18 system_stm32f10x.o
 .debug_ranges  0x0000000000000018       0x40 /usr/lib/gcc/arm-none-eabi/6.3.1/../../../arm-none-eabi/lib/libc.a(lib_a-__call_atexit.o)
